This is pdfTeX, Version 3.141592653-2.6-1.40.25 (TeX Live 2023/Debian) (preloaded format=pdflatex 2026.4.17)  11 JUN 2026 15:47
entering extended mode
 restricted \write18 enabled.
 %&-line parsing enabled.
**main.tex
(./main.tex
LaTeX2e <2023-11-01> patch level 1
L3 programming layer <2024-01-22>
(/usr/share/texlive/texmf-dist/tex/latex/base/report.cls
Document Class: report 2023/05/17 v1.4n Standard LaTeX document class
(/usr/share/texlive/texmf-dist/tex/latex/base/size11.clo
File: size11.clo 2023/05/17 v1.4n Standard LaTeX file (size option)
)
\c@part=\count187
\c@chapter=\count188
\c@section=\count189
\c@subsection=\count190
\c@subsubsection=\count191
\c@paragraph=\count192
\c@subparagraph=\count193
\c@figure=\count194
\c@table=\count195
\abovecaptionskip=\skip48
\belowcaptionskip=\skip49
\bibindent=\dimen140
)
(/usr/share/texlive/texmf-dist/tex/generic/babel/babel.sty
Package: babel 2024/01/07 v24.1 The Babel package
\babel@savecnt=\count196
\U@D=\dimen141
\l@unhyphenated=\language11

(/usr/share/texlive/texmf-dist/tex/generic/babel/txtbabel.def)
\bbl@readstream=\read2
\bbl@dirlevel=\count197

(/usr/share/texlive/texmf-dist/tex/generic/babel/locale/es/babel-spanish.tex)
Package babel Info: Importing data for spanish
(babel)             from babel-es.ini. Reported on input line 4318.
Package babel Info: Hyphen rules for 'spanish' set to \l@english
(babel)             (\language0). Reported on input line 4318.
)
(/usr/share/texlive/texmf-dist/tex/latex/base/inputenc.sty
Package: inputenc 2021/02/14 v1.3d Input encoding file
\inpenc@prehook=\toks17
\inpenc@posthook=\toks18
)
(/usr/share/texlive/texmf-dist/tex/latex/base/fontenc.sty
Package: fontenc 2021/04/29 v2.0v Standard LaTeX package
)
(/usr/share/texlive/texmf-dist/tex/latex/geometry/geometry.sty
Package: geometry 2020/01/02 v5.9 Page Geometry

(/usr/share/texlive/texmf-dist/tex/latex/graphics/keyval.sty
Package: keyval 2022/05/29 v1.15 key=value parser (DPC)
\KV@toks@=\toks19
)
(/usr/share/texlive/texmf-dist/tex/generic/iftex/ifvtex.sty
Package: ifvtex 2019/10/25 v1.7 ifvtex legacy package. Use iftex instead.

(/usr/share/texlive/texmf-dist/tex/generic/iftex/iftex.sty
Package: iftex 2022/02/03 v1.0f TeX engine tests
))
\Gm@cnth=\count198
\Gm@cntv=\count199
\c@Gm@tempcnt=\count266
\Gm@bindingoffset=\dimen142
\Gm@wd@mp=\dimen143
\Gm@odd@mp=\dimen144
\Gm@even@mp=\dimen145
\Gm@layoutwidth=\dimen146
\Gm@layoutheight=\dimen147
\Gm@layouthoffset=\dimen148
\Gm@layoutvoffset=\dimen149
\Gm@dimlist=\toks20
)
(/usr/share/texlive/texmf-dist/tex/latex/setspace/setspace.sty
Package: setspace 2022/12/04 v6.7b set line spacing
)
(/usr/share/texlive/texmf-dist/tex/latex/microtype/microtype.sty
Package: microtype 2023/03/13 v3.1a Micro-typographical refinements (RS)

(/usr/share/texlive/texmf-dist/tex/latex/etoolbox/etoolbox.sty
Package: etoolbox 2020/10/05 v2.5k e-TeX tools for LaTeX (JAW)
\etb@tempcnta=\count267
)
\MT@toks=\toks21
\MT@tempbox=\box51
\MT@count=\count268
LaTeX Info: Redefining \noprotrusionifhmode on input line 1059.
LaTeX Info: Redefining \leftprotrusion on input line 1060.
\MT@prot@toks=\toks22
LaTeX Info: Redefining \rightprotrusion on input line 1078.
LaTeX Info: Redefining \textls on input line 1368.
\MT@outer@kern=\dimen150
LaTeX Info: Redefining \textmicrotypecontext on input line 1988.
\MT@listname@count=\count269

(/usr/share/texlive/texmf-dist/tex/latex/microtype/microtype-pdftex.def
File: microtype-pdftex.def 2023/03/13 v3.1a Definitions specific to pdftex (RS)

LaTeX Info: Redefining \lsstyle on input line 902.
LaTeX Info: Redefining \lslig on input line 902.
\MT@outer@space=\skip50
)
Package microtype Info: Loading configuration file microtype.cfg.

(/usr/share/texlive/texmf-dist/tex/latex/microtype/microtype.cfg
File: microtype.cfg 2023/03/13 v3.1a microtype main configuration file (RS)
))
(/usr/share/texlive/texmf-dist/tex/latex/tools/indentfirst.sty
Package: indentfirst 2023/07/02 v1.03 Indent first paragraph (DPC)
)
(/usr/share/texlive/texmf-dist/tex/latex/amsmath/amsmath.sty
Package: amsmath 2023/05/13 v2.17o AMS math features
\@mathmargin=\skip51

For additional information on amsmath, use the `?' option.
(/usr/share/texlive/texmf-dist/tex/latex/amsmath/amstext.sty
Package: amstext 2021/08/26 v2.01 AMS text

(/usr/share/texlive/texmf-dist/tex/latex/amsmath/amsgen.sty
File: amsgen.sty 1999/11/30 v2.0 generic functions
\@emptytoks=\toks23
\ex@=\dimen151
))
(/usr/share/texlive/texmf-dist/tex/latex/amsmath/amsbsy.sty
Package: amsbsy 1999/11/29 v1.2d Bold Symbols
\pmbraise@=\dimen152
)
(/usr/share/texlive/texmf-dist/tex/latex/amsmath/amsopn.sty
Package: amsopn 2022/04/08 v2.04 operator names
)
\inf@bad=\count270
LaTeX Info: Redefining \frac on input line 234.
\uproot@=\count271
\leftroot@=\count272
LaTeX Info: Redefining \overline on input line 399.
LaTeX Info: Redefining \colon on input line 410.
\classnum@=\count273
\DOTSCASE@=\count274
LaTeX Info: Redefining \ldots on input line 496.
LaTeX Info: Redefining \dots on input line 499.
LaTeX Info: Redefining \cdots on input line 620.
\Mathstrutbox@=\box52
\strutbox@=\box53
LaTeX Info: Redefining \big on input line 722.
LaTeX Info: Redefining \Big on input line 723.
LaTeX Info: Redefining \bigg on input line 724.
LaTeX Info: Redefining \Bigg on input line 725.
\big@size=\dimen153
LaTeX Font Info:    Redeclaring font encoding OML on input line 743.
LaTeX Font Info:    Redeclaring font encoding OMS on input line 744.
\macc@depth=\count275
LaTeX Info: Redefining \bmod on input line 905.
LaTeX Info: Redefining \pmod on input line 910.
LaTeX Info: Redefining \smash on input line 940.
LaTeX Info: Redefining \relbar on input line 970.
LaTeX Info: Redefining \Relbar on input line 971.
\c@MaxMatrixCols=\count276
\dotsspace@=\muskip16
\c@parentequation=\count277
\dspbrk@lvl=\count278
\tag@help=\toks24
\row@=\count279
\column@=\count280
\maxfields@=\count281
\andhelp@=\toks25
\eqnshift@=\dimen154
\alignsep@=\dimen155
\tagshift@=\dimen156
\tagwidth@=\dimen157
\totwidth@=\dimen158
\lineht@=\dimen159
\@envbody=\toks26
\multlinegap=\skip52
\multlinetaggap=\skip53
\mathdisplay@stack=\toks27
LaTeX Info: Redefining \[ on input line 2953.
LaTeX Info: Redefining \] on input line 2954.
)
(/usr/share/texlive/texmf-dist/tex/latex/amsfonts/amssymb.sty
Package: amssymb 2013/01/14 v3.01 AMS font symbols

(/usr/share/texlive/texmf-dist/tex/latex/amsfonts/amsfonts.sty
Package: amsfonts 2013/01/14 v3.01 Basic AMSFonts support
\symAMSa=\mathgroup4
\symAMSb=\mathgroup5
LaTeX Font Info:    Redeclaring math symbol \hbar on input line 98.
LaTeX Font Info:    Overwriting math alphabet `\mathfrak' in version `bold'
(Font)                  U/euf/m/n --> U/euf/b/n on input line 106.
))
(/usr/share/texlive/texmf-dist/tex/latex/base/latexsym.sty
Package: latexsym 1998/08/17 v2.2e Standard LaTeX package (lasy symbols)
\symlasy=\mathgroup6
LaTeX Font Info:    Overwriting symbol font `lasy' in version `bold'
(Font)                  U/lasy/m/n --> U/lasy/b/n on input line 52.
)
(/usr/share/texlive/texmf-dist/tex/latex/physics/physics.sty
Package: physics 

(/usr/share/texlive/texmf-dist/tex/latex/l3packages/xparse/xparse.sty
(/usr/share/texlive/texmf-dist/tex/latex/l3kernel/expl3.sty
Package: expl3 2024-01-22 L3 programming layer (loader) 

(/usr/share/texlive/texmf-dist/tex/latex/l3backend/l3backend-pdftex.def
File: l3backend-pdftex.def 2024-01-04 L3 backend support: PDF output (pdfTeX)
\l__color_backend_stack_int=\count282
\l__pdf_internal_box=\box54
))
Package: xparse 2023-10-10 L3 Experimental document command parser
))
(/usr/share/texlive/texmf-dist/tex/latex/siunits/SIunits.sty
Package: SIunits 2007/12/02 v1.36 Support for the International System of units
 (MH)


\@qskwidth=\skip54
LaTeX Font Info:    Redeclaring font encoding TS1 on input line 46.
\symgreek=\mathgroup7
(/usr/share/texlive/texmf-dist/tex/latex/siunits/SIunits.cfg)
Option `amssymb' provided!
) (/usr/share/texlive/texmf-dist/tex/latex/graphics/graphicx.sty
Package: graphicx 2021/09/16 v1.2d Enhanced LaTeX Graphics (DPC,SPQR)

(/usr/share/texlive/texmf-dist/tex/latex/graphics/graphics.sty
Package: graphics 2022/03/10 v1.4e Standard LaTeX Graphics (DPC,SPQR)

(/usr/share/texlive/texmf-dist/tex/latex/graphics/trig.sty
Package: trig 2021/08/11 v1.11 sin cos tan (DPC)
)
(/usr/share/texlive/texmf-dist/tex/latex/graphics-cfg/graphics.cfg
File: graphics.cfg 2016/06/04 v1.11 sample graphics configuration
)
Package graphics Info: Driver file: pdftex.def on input line 107.

(/usr/share/texlive/texmf-dist/tex/latex/graphics-def/pdftex.def
File: pdftex.def 2022/09/22 v1.2b Graphics/color driver for pdftex
))
\Gin@req@height=\dimen160
\Gin@req@width=\dimen161
)
(/usr/share/texlive/texmf-dist/tex/latex/caption/subcaption.sty
Package: subcaption 2023/07/28 v1.6b Sub-captions (AR)

(/usr/share/texlive/texmf-dist/tex/latex/caption/caption.sty
Package: caption 2023/08/05 v3.6o Customizing captions (AR)

(/usr/share/texlive/texmf-dist/tex/latex/caption/caption3.sty
Package: caption3 2023/07/31 v2.4d caption3 kernel (AR)
\caption@tempdima=\dimen162
\captionmargin=\dimen163
\caption@leftmargin=\dimen164
\caption@rightmargin=\dimen165
\caption@width=\dimen166
\caption@indent=\dimen167
\caption@parindent=\dimen168
\caption@hangindent=\dimen169
Package caption Info: Standard document class detected.
)
\c@caption@flags=\count283
\c@continuedfloat=\count284
)
Package caption Info: New subtype `subfigure' on input line 238.
\c@subfigure=\count285
Package caption Info: New subtype `subtable' on input line 238.
\c@subtable=\count286
)
(/usr/share/texlive/texmf-dist/tex/latex/float/float.sty
Package: float 2001/11/08 v1.3d Float enhancements (AL)
\c@float@type=\count287
\float@exts=\toks28
\float@box=\box55
\@float@everytoks=\toks29
\@floatcapt=\box56
)
(/usr/share/texlive/texmf-dist/tex/latex/tools/longtable.sty
Package: longtable 2023-11-01 v4.19 Multi-page Table package (DPC)
\LTleft=\skip55
\LTright=\skip56
\LTpre=\skip57
\LTpost=\skip58
\LTchunksize=\count288
\LTcapwidth=\dimen170
\LT@head=\box57
\LT@firsthead=\box58
\LT@foot=\box59
\LT@lastfoot=\box60
\LT@gbox=\box61
\LT@cols=\count289
\LT@rows=\count290
\c@LT@tables=\count291
\c@LT@chunks=\count292
\LT@p@ftn=\toks30
)
(/usr/share/texlive/texmf-dist/tex/latex/tools/array.sty
Package: array 2023/10/16 v2.5g Tabular extension package (FMi)
\col@sep=\dimen171
\ar@mcellbox=\box62
\extrarowheight=\dimen172
\NC@list=\toks31
\extratabsurround=\skip59
\backup@length=\skip60
\ar@cellbox=\box63
)
(/usr/share/texlive/texmf-dist/tex/latex/tools/multicol.sty
Package: multicol 2023/03/30 v1.9f multicolumn formatting (FMi)
\c@tracingmulticols=\count293
\mult@box=\box64
\multicol@leftmargin=\dimen173
\c@unbalance=\count294
\c@collectmore=\count295
\doublecol@number=\count296
\multicoltolerance=\count297
\multicolpretolerance=\count298
\full@width=\dimen174
\page@free=\dimen175
\premulticols=\dimen176
\postmulticols=\dimen177
\multicolsep=\skip61
\multicolbaselineskip=\skip62
\partial@page=\box65
\last@line=\box66
\mc@boxedresult=\box67
\maxbalancingoverflow=\dimen178
\mult@rightbox=\box68
\mult@grightbox=\box69
\mult@firstbox=\box70
\mult@gfirstbox=\box71
\@tempa=\box72
\@tempa=\box73
\@tempa=\box74
\@tempa=\box75
\@tempa=\box76
\@tempa=\box77
\@tempa=\box78
\@tempa=\box79
\@tempa=\box80
\@tempa=\box81
\@tempa=\box82
\@tempa=\box83
\@tempa=\box84
\@tempa=\box85
\@tempa=\box86
\@tempa=\box87
\@tempa=\box88
\@tempa=\box89
\@tempa=\box90
\@tempa=\box91
\@tempa=\box92
\@tempa=\box93
\@tempa=\box94
\@tempa=\box95
\@tempa=\box96
\@tempa=\box97
\@tempa=\box98
\@tempa=\box99
\@tempa=\box100
\@tempa=\box101
\@tempa=\box102
\@tempa=\box103
\@tempa=\box104
\@tempa=\box105
\@tempa=\box106
\@tempa=\box107
\c@minrows=\count299
\c@columnbadness=\count300
\c@finalcolumnbadness=\count301
\last@try=\dimen179
\multicolovershoot=\dimen180
\multicolundershoot=\dimen181
\mult@nat@firstbox=\box108
\colbreak@box=\box109
\mc@col@check@num=\count302
)
(/usr/share/texlive/texmf-dist/tex/latex/xcolor/xcolor.sty
Package: xcolor 2023/11/15 v3.01 LaTeX color extensions (UK)

(/usr/share/texlive/texmf-dist/tex/latex/graphics-cfg/color.cfg
File: color.cfg 2016/01/02 v1.6 sample color configuration
)
Package xcolor Info: Driver file: pdftex.def on input line 274.

(/usr/share/texlive/texmf-dist/tex/latex/graphics/mathcolor.ltx)
Package xcolor Info: Model `cmy' substituted by `cmy0' on input line 1350.
Package xcolor Info: Model `hsb' substituted by `rgb' on input line 1354.
Package xcolor Info: Model `RGB' extended on input line 1366.
Package xcolor Info: Model `HTML' substituted by `rgb' on input line 1368.
Package xcolor Info: Model `Hsb' substituted by `hsb' on input line 1369.
Package xcolor Info: Model `tHsb' substituted by `hsb' on input line 1370.
Package xcolor Info: Model `HSB' substituted by `hsb' on input line 1371.
Package xcolor Info: Model `Gray' substituted by `gray' on input line 1372.
Package xcolor Info: Model `wave' substituted by `hsb' on input line 1373.
)
(/usr/share/texlive/texmf-dist/tex/latex/listings/listings.sty
\lst@mode=\count303
\lst@gtempboxa=\box110
\lst@token=\toks32
\lst@length=\count304
\lst@currlwidth=\dimen182
\lst@column=\count305
\lst@pos=\count306
\lst@lostspace=\dimen183
\lst@width=\dimen184
\lst@newlines=\count307
\lst@lineno=\count308
\lst@maxwidth=\dimen185

(/usr/share/texlive/texmf-dist/tex/latex/listings/lstmisc.sty
File: lstmisc.sty 2023/02/27 1.9 (Carsten Heinz)
\c@lstnumber=\count309
\lst@skipnumbers=\count310
\lst@framebox=\box111
)
(/usr/share/texlive/texmf-dist/tex/latex/listings/listings.cfg
File: listings.cfg 2023/02/27 1.9 listings configuration
))
Package: listings 2023/02/27 1.9 (Carsten Heinz)

(/usr/share/texlive/texmf-dist/tex/latex/tcolorbox/tcolorbox.sty
Package: tcolorbox 2024/01/10 version 6.2.0 text color boxes

(/usr/share/texlive/texmf-dist/tex/latex/pgf/basiclayer/pgf.sty
(/usr/share/texlive/texmf-dist/tex/latex/pgf/utilities/pgfrcs.sty
(/usr/share/texlive/texmf-dist/tex/generic/pgf/utilities/pgfutil-common.tex
\pgfutil@everybye=\toks33
\pgfutil@tempdima=\dimen186
\pgfutil@tempdimb=\dimen187
)
(/usr/share/texlive/texmf-dist/tex/generic/pgf/utilities/pgfutil-latex.def
\pgfutil@abb=\box112
)
(/usr/share/texlive/texmf-dist/tex/generic/pgf/utilities/pgfrcs.code.tex
(/usr/share/texlive/texmf-dist/tex/generic/pgf/pgf.revision.tex)
Package: pgfrcs 2023-01-15 v3.1.10 (3.1.10)
))
Package: pgf 2023-01-15 v3.1.10 (3.1.10)

(/usr/share/texlive/texmf-dist/tex/latex/pgf/basiclayer/pgfcore.sty
(/usr/share/texlive/texmf-dist/tex/latex/pgf/systemlayer/pgfsys.sty
(/usr/share/texlive/texmf-dist/tex/generic/pgf/systemlayer/pgfsys.code.tex
Package: pgfsys 2023-01-15 v3.1.10 (3.1.10)

(/usr/share/texlive/texmf-dist/tex/generic/pgf/utilities/pgfkeys.code.tex
\pgfkeys@pathtoks=\toks34
\pgfkeys@temptoks=\toks35

(/usr/share/texlive/texmf-dist/tex/generic/pgf/utilities/pgfkeyslibraryfiltered
.code.tex
\pgfkeys@tmptoks=\toks36
))
\pgf@x=\dimen188
\pgf@y=\dimen189
\pgf@xa=\dimen190
\pgf@ya=\dimen191
\pgf@xb=\dimen192
\pgf@yb=\dimen193
\pgf@xc=\dimen194
\pgf@yc=\dimen195
\pgf@xd=\dimen196
\pgf@yd=\dimen197
\w@pgf@writea=\write3
\r@pgf@reada=\read3
\c@pgf@counta=\count311
\c@pgf@countb=\count312
\c@pgf@countc=\count313
\c@pgf@countd=\count314
\t@pgf@toka=\toks37
\t@pgf@tokb=\toks38
\t@pgf@tokc=\toks39
\pgf@sys@id@count=\count315
 (/usr/share/texlive/texmf-dist/tex/generic/pgf/systemlayer/pgf.cfg
File: pgf.cfg 2023-01-15 v3.1.10 (3.1.10)
)
Driver file for pgf: pgfsys-pdftex.def
(/usr/share/texlive/texmf-dist/tex/generic/pgf/systemlayer/pgfsys-pdftex.def
File: pgfsys-pdftex.def 2023-01-15 v3.1.10 (3.1.10)

(/usr/share/texlive/texmf-dist/tex/generic/pgf/systemlayer/pgfsys-common-pdf.de
f
File: pgfsys-common-pdf.def 2023-01-15 v3.1.10 (3.1.10)
)))
(/usr/share/texlive/texmf-dist/tex/generic/pgf/systemlayer/pgfsyssoftpath.code.
tex
File: pgfsyssoftpath.code.tex 2023-01-15 v3.1.10 (3.1.10)
\pgfsyssoftpath@smallbuffer@items=\count316
\pgfsyssoftpath@bigbuffer@items=\count317
)
(/usr/share/texlive/texmf-dist/tex/generic/pgf/systemlayer/pgfsysprotocol.code.
tex
File: pgfsysprotocol.code.tex 2023-01-15 v3.1.10 (3.1.10)
))
(/usr/share/texlive/texmf-dist/tex/generic/pgf/basiclayer/pgfcore.code.tex
Package: pgfcore 2023-01-15 v3.1.10 (3.1.10)

(/usr/share/texlive/texmf-dist/tex/generic/pgf/math/pgfmath.code.tex
(/usr/share/texlive/texmf-dist/tex/generic/pgf/math/pgfmathutil.code.tex)
(/usr/share/texlive/texmf-dist/tex/generic/pgf/math/pgfmathparser.code.tex
\pgfmath@dimen=\dimen198
\pgfmath@count=\count318
\pgfmath@box=\box113
\pgfmath@toks=\toks40
\pgfmath@stack@operand=\toks41
\pgfmath@stack@operation=\toks42
)
(/usr/share/texlive/texmf-dist/tex/generic/pgf/math/pgfmathfunctions.code.tex)
(/usr/share/texlive/texmf-dist/tex/generic/pgf/math/pgfmathfunctions.basic.code
.tex)
(/usr/share/texlive/texmf-dist/tex/generic/pgf/math/pgfmathfunctions.trigonomet
ric.code.tex)
(/usr/share/texlive/texmf-dist/tex/generic/pgf/math/pgfmathfunctions.random.cod
e.tex)
(/usr/share/texlive/texmf-dist/tex/generic/pgf/math/pgfmathfunctions.comparison
.code.tex)
(/usr/share/texlive/texmf-dist/tex/generic/pgf/math/pgfmathfunctions.base.code.
tex)
(/usr/share/texlive/texmf-dist/tex/generic/pgf/math/pgfmathfunctions.round.code
.tex)
(/usr/share/texlive/texmf-dist/tex/generic/pgf/math/pgfmathfunctions.misc.code.
tex)
(/usr/share/texlive/texmf-dist/tex/generic/pgf/math/pgfmathfunctions.integerari
thmetics.code.tex)
(/usr/share/texlive/texmf-dist/tex/generic/pgf/math/pgfmathcalc.code.tex)
(/usr/share/texlive/texmf-dist/tex/generic/pgf/math/pgfmathfloat.code.tex
\c@pgfmathroundto@lastzeros=\count319
))
(/usr/share/texlive/texmf-dist/tex/generic/pgf/math/pgfint.code.tex)
(/usr/share/texlive/texmf-dist/tex/generic/pgf/basiclayer/pgfcorepoints.code.te
x
File: pgfcorepoints.code.tex 2023-01-15 v3.1.10 (3.1.10)
\pgf@picminx=\dimen199
\pgf@picmaxx=\dimen256
\pgf@picminy=\dimen257
\pgf@picmaxy=\dimen258
\pgf@pathminx=\dimen259
\pgf@pathmaxx=\dimen260
\pgf@pathminy=\dimen261
\pgf@pathmaxy=\dimen262
\pgf@xx=\dimen263
\pgf@xy=\dimen264
\pgf@yx=\dimen265
\pgf@yy=\dimen266
\pgf@zx=\dimen267
\pgf@zy=\dimen268
)
(/usr/share/texlive/texmf-dist/tex/generic/pgf/basiclayer/pgfcorepathconstruct.
code.tex
File: pgfcorepathconstruct.code.tex 2023-01-15 v3.1.10 (3.1.10)
\pgf@path@lastx=\dimen269
\pgf@path@lasty=\dimen270
)
(/usr/share/texlive/texmf-dist/tex/generic/pgf/basiclayer/pgfcorepathusage.code
.tex
File: pgfcorepathusage.code.tex 2023-01-15 v3.1.10 (3.1.10)
\pgf@shorten@end@additional=\dimen271
\pgf@shorten@start@additional=\dimen272
)
(/usr/share/texlive/texmf-dist/tex/generic/pgf/basiclayer/pgfcorescopes.code.te
x
File: pgfcorescopes.code.tex 2023-01-15 v3.1.10 (3.1.10)
\pgfpic=\box114
\pgf@hbox=\box115
\pgf@layerbox@main=\box116
\pgf@picture@serial@count=\count320
)
(/usr/share/texlive/texmf-dist/tex/generic/pgf/basiclayer/pgfcoregraphicstate.c
ode.tex
File: pgfcoregraphicstate.code.tex 2023-01-15 v3.1.10 (3.1.10)
\pgflinewidth=\dimen273
)
(/usr/share/texlive/texmf-dist/tex/generic/pgf/basiclayer/pgfcoretransformation
s.code.tex
File: pgfcoretransformations.code.tex 2023-01-15 v3.1.10 (3.1.10)
\pgf@pt@x=\dimen274
\pgf@pt@y=\dimen275
\pgf@pt@temp=\dimen276
)
(/usr/share/texlive/texmf-dist/tex/generic/pgf/basiclayer/pgfcorequick.code.tex
File: pgfcorequick.code.tex 2023-01-15 v3.1.10 (3.1.10)
)
(/usr/share/texlive/texmf-dist/tex/generic/pgf/basiclayer/pgfcoreobjects.code.t
ex
File: pgfcoreobjects.code.tex 2023-01-15 v3.1.10 (3.1.10)
)
(/usr/share/texlive/texmf-dist/tex/generic/pgf/basiclayer/pgfcorepathprocessing
.code.tex
File: pgfcorepathprocessing.code.tex 2023-01-15 v3.1.10 (3.1.10)
)
(/usr/share/texlive/texmf-dist/tex/generic/pgf/basiclayer/pgfcorearrows.code.te
x
File: pgfcorearrows.code.tex 2023-01-15 v3.1.10 (3.1.10)
\pgfarrowsep=\dimen277
)
(/usr/share/texlive/texmf-dist/tex/generic/pgf/basiclayer/pgfcoreshade.code.tex
File: pgfcoreshade.code.tex 2023-01-15 v3.1.10 (3.1.10)
\pgf@max=\dimen278
\pgf@sys@shading@range@num=\count321
\pgf@shadingcount=\count322
)
(/usr/share/texlive/texmf-dist/tex/generic/pgf/basiclayer/pgfcoreimage.code.tex
File: pgfcoreimage.code.tex 2023-01-15 v3.1.10 (3.1.10)
)
(/usr/share/texlive/texmf-dist/tex/generic/pgf/basiclayer/pgfcoreexternal.code.
tex
File: pgfcoreexternal.code.tex 2023-01-15 v3.1.10 (3.1.10)
\pgfexternal@startupbox=\box117
)
(/usr/share/texlive/texmf-dist/tex/generic/pgf/basiclayer/pgfcorelayers.code.te
x
File: pgfcorelayers.code.tex 2023-01-15 v3.1.10 (3.1.10)
)
(/usr/share/texlive/texmf-dist/tex/generic/pgf/basiclayer/pgfcoretransparency.c
ode.tex
File: pgfcoretransparency.code.tex 2023-01-15 v3.1.10 (3.1.10)
)
(/usr/share/texlive/texmf-dist/tex/generic/pgf/basiclayer/pgfcorepatterns.code.
tex
File: pgfcorepatterns.code.tex 2023-01-15 v3.1.10 (3.1.10)
)
(/usr/share/texlive/texmf-dist/tex/generic/pgf/basiclayer/pgfcorerdf.code.tex
File: pgfcorerdf.code.tex 2023-01-15 v3.1.10 (3.1.10)
)))
(/usr/share/texlive/texmf-dist/tex/generic/pgf/modules/pgfmoduleshapes.code.tex
File: pgfmoduleshapes.code.tex 2023-01-15 v3.1.10 (3.1.10)
\pgfnodeparttextbox=\box118
) (/usr/share/texlive/texmf-dist/tex/generic/pgf/modules/pgfmoduleplot.code.tex
File: pgfmoduleplot.code.tex 2023-01-15 v3.1.10 (3.1.10)
)
(/usr/share/texlive/texmf-dist/tex/latex/pgf/compatibility/pgfcomp-version-0-65
.sty
Package: pgfcomp-version-0-65 2023-01-15 v3.1.10 (3.1.10)
\pgf@nodesepstart=\dimen279
\pgf@nodesepend=\dimen280
)
(/usr/share/texlive/texmf-dist/tex/latex/pgf/compatibility/pgfcomp-version-1-18
.sty
Package: pgfcomp-version-1-18 2023-01-15 v3.1.10 (3.1.10)
)) (/usr/share/texlive/texmf-dist/tex/latex/tools/verbatim.sty
Package: verbatim 2023-11-06 v1.5v LaTeX2e package for verbatim enhancements
\every@verbatim=\toks43
\verbatim@line=\toks44
\verbatim@in@stream=\read4
)
(/usr/share/texlive/texmf-dist/tex/latex/environ/environ.sty
Package: environ 2014/05/04 v0.3 A new way to define environments

(/usr/share/texlive/texmf-dist/tex/latex/trimspaces/trimspaces.sty
Package: trimspaces 2009/09/17 v1.1 Trim spaces around a token list
))
\tcb@titlebox=\box119
\tcb@upperbox=\box120
\tcb@lowerbox=\box121
\tcb@phantombox=\box122
\c@tcbbreakpart=\count323
\c@tcblayer=\count324
\c@tcolorbox@number=\count325
\l__tcobox_tmpa_box=\box123
\l__tcobox_tmpa_dim=\dimen281
\tcb@temp=\box124
\tcb@temp=\box125
\tcb@temp=\box126
\tcb@temp=\box127

(/usr/share/texlive/texmf-dist/tex/latex/tcolorbox/tcbraster.code.tex
Library (tcolorbox): 'tcbraster.code.tex' version '6.2.0'
\c@tcbrastercolumn=\count326
\c@tcbrasterrow=\count327
\c@tcbrasternum=\count328
\c@tcbraster=\count329
) (/usr/share/texlive/texmf-dist/tex/latex/tcolorbox/tcbskins.code.tex
Library (tcolorbox): 'tcbskins.code.tex' version '6.2.0'
(/usr/share/texlive/texmf-dist/tex/latex/pgf/frontendlayer/tikz.sty
(/usr/share/texlive/texmf-dist/tex/latex/pgf/utilities/pgffor.sty
(/usr/share/texlive/texmf-dist/tex/latex/pgf/utilities/pgfkeys.sty
(/usr/share/texlive/texmf-dist/tex/generic/pgf/utilities/pgfkeys.code.tex))
(/usr/share/texlive/texmf-dist/tex/latex/pgf/math/pgfmath.sty
(/usr/share/texlive/texmf-dist/tex/generic/pgf/math/pgfmath.code.tex))
(/usr/share/texlive/texmf-dist/tex/generic/pgf/utilities/pgffor.code.tex
Package: pgffor 2023-01-15 v3.1.10 (3.1.10)
\pgffor@iter=\dimen282
\pgffor@skip=\dimen283
\pgffor@stack=\toks45
\pgffor@toks=\toks46
))
(/usr/share/texlive/texmf-dist/tex/generic/pgf/frontendlayer/tikz/tikz.code.tex
Package: tikz 2023-01-15 v3.1.10 (3.1.10)

(/usr/share/texlive/texmf-dist/tex/generic/pgf/libraries/pgflibraryplothandlers
.code.tex
File: pgflibraryplothandlers.code.tex 2023-01-15 v3.1.10 (3.1.10)
\pgf@plot@mark@count=\count330
\pgfplotmarksize=\dimen284
)
\tikz@lastx=\dimen285
\tikz@lasty=\dimen286
\tikz@lastxsaved=\dimen287
\tikz@lastysaved=\dimen288
\tikz@lastmovetox=\dimen289
\tikz@lastmovetoy=\dimen290
\tikzleveldistance=\dimen291
\tikzsiblingdistance=\dimen292
\tikz@figbox=\box128
\tikz@figbox@bg=\box129
\tikz@tempbox=\box130
\tikz@tempbox@bg=\box131
\tikztreelevel=\count331
\tikznumberofchildren=\count332
\tikznumberofcurrentchild=\count333
\tikz@fig@count=\count334

(/usr/share/texlive/texmf-dist/tex/generic/pgf/modules/pgfmodulematrix.code.tex
File: pgfmodulematrix.code.tex 2023-01-15 v3.1.10 (3.1.10)
\pgfmatrixcurrentrow=\count335
\pgfmatrixcurrentcolumn=\count336
\pgf@matrix@numberofcolumns=\count337
)
\tikz@expandcount=\count338

(/usr/share/texlive/texmf-dist/tex/generic/pgf/frontendlayer/tikz/libraries/tik
zlibrarytopaths.code.tex
File: tikzlibrarytopaths.code.tex 2023-01-15 v3.1.10 (3.1.10)
)))
(/usr/share/texlive/texmf-dist/tex/latex/tikzfill/tikzfill.image.sty
Package: tikzfill.image 2023/08/08 v1.0.1 Image filling library for TikZ

(/usr/share/texlive/texmf-dist/tex/latex/tikzfill/tikzfill-common.sty
Package: tikzfill-common 2023/08/08 v1.0.1 Auxiliary code for tikzfill
)
(/usr/share/texlive/texmf-dist/tex/latex/tikzfill/tikzlibraryfill.image.code.te
x
File: tikzlibraryfill.image.code.tex 2023/08/08 v1.0.1 Image filling library
\l__tikzfill_img_box=\box132
)) (/usr/share/texlive/texmf-dist/tex/latex/tcolorbox/tcbskinsjigsaw.code.tex
Library (tcolorbox): 'tcbskinsjigsaw.code.tex' version '6.2.0'
)) (/usr/share/texlive/texmf-dist/tex/latex/tcolorbox/tcbbreakable.code.tex
Library (tcolorbox): 'tcbbreakable.code.tex' version '6.2.0'
(/usr/share/texlive/texmf-dist/tex/latex/pdfcol/pdfcol.sty
Package: pdfcol 2022-09-21 v1.7 Handle new color stacks for pdfTeX (HO)

(/usr/share/texlive/texmf-dist/tex/generic/ltxcmds/ltxcmds.sty
Package: ltxcmds 2023-12-04 v1.26 LaTeX kernel commands for general use (HO)
)
(/usr/share/texlive/texmf-dist/tex/generic/infwarerr/infwarerr.sty
Package: infwarerr 2019/12/03 v1.5 Providing info/warning/error messages (HO)
))
Package pdfcol Info: New color stack `tcb@breakable' = 1 on input line 23.
\tcb@testbox=\box133
\tcb@totalupperbox=\box134
\tcb@totallowerbox=\box135
)
(/usr/share/texlive/texmf-dist/tex/latex/tcolorbox/tcbhooks.code.tex
Library (tcolorbox): 'tcbhooks.code.tex' version '6.2.0'
) (/usr/share/texlive/texmf-dist/tex/latex/tcolorbox/tcbtheorems.code.tex
Library (tcolorbox): 'tcbtheorems.code.tex' version '6.2.0'
) (/usr/share/texlive/texmf-dist/tex/latex/tcolorbox/tcbfitting.code.tex
Library (tcolorbox): 'tcbfitting.code.tex' version '6.2.0'
\tcbfitdim=\dimen293
\tcb@lowerfitdim=\dimen294
\tcb@upperfitdim=\dimen295
\tcb@cur@hbadness=\count339
)) (/usr/share/texlive/texmf-dist/tex/latex/listings/lstlang1.sty
File: lstlang1.sty 2023/02/27 1.9 listings language file
)
(/usr/share/texlive/texmf-dist/tex/latex/listings/lstlang1.sty
File: lstlang1.sty 2023/02/27 1.9 listings language file
)
(/usr/share/texlive/texmf-dist/tex/latex/listings/lstlang1.sty
File: lstlang1.sty 2023/02/27 1.9 listings language file
)
(/usr/share/texlive/texmf-dist/tex/latex/listings/lstlang1.sty
File: lstlang1.sty 2023/02/27 1.9 listings language file
)
(/usr/share/texlive/texmf-dist/tex/latex/natbib/natbib.sty
Package: natbib 2010/09/13 8.31b (PWD, AO)
\bibhang=\skip63
\bibsep=\skip64
LaTeX Info: Redefining \cite on input line 694.
\c@NAT@ctr=\count340
)
(/usr/share/texlive/texmf-dist/tex/latex/fancyhdr/fancyhdr.sty
Package: fancyhdr 2022/11/09 v4.1 Extensive control of page headers and footers

\f@nch@headwidth=\skip65
\f@nch@O@elh=\skip66
\f@nch@O@erh=\skip67
\f@nch@O@olh=\skip68
\f@nch@O@orh=\skip69
\f@nch@O@elf=\skip70
\f@nch@O@erf=\skip71
\f@nch@O@olf=\skip72
\f@nch@O@orf=\skip73
)
(/usr/share/texlive/texmf-dist/tex/latex/titlesec/titlesec.sty
Package: titlesec 2023/10/27 v2.16 Sectioning titles
\ttl@box=\box136
\beforetitleunit=\skip74
\aftertitleunit=\skip75
\ttl@plus=\dimen296
\ttl@minus=\dimen297
\ttl@toksa=\toks47
\titlewidth=\dimen298
\titlewidthlast=\dimen299
\titlewidthfirst=\dimen300
)
(/usr/share/texlive/texmf-dist/tex/latex/hyperref/hyperref.sty
Package: hyperref 2024-01-20 v7.01h Hypertext links for LaTeX

(/usr/share/texlive/texmf-dist/tex/latex/kvsetkeys/kvsetkeys.sty
Package: kvsetkeys 2022-10-05 v1.19 Key value parser (HO)
)
(/usr/share/texlive/texmf-dist/tex/generic/kvdefinekeys/kvdefinekeys.sty
Package: kvdefinekeys 2019-12-19 v1.6 Define keys (HO)
)
(/usr/share/texlive/texmf-dist/tex/generic/pdfescape/pdfescape.sty
Package: pdfescape 2019/12/09 v1.15 Implements pdfTeX's escape features (HO)

(/usr/share/texlive/texmf-dist/tex/generic/pdftexcmds/pdftexcmds.sty
Package: pdftexcmds 2020-06-27 v0.33 Utility functions of pdfTeX for LuaTeX (HO
)
Package pdftexcmds Info: \pdf@primitive is available.
Package pdftexcmds Info: \pdf@ifprimitive is available.
Package pdftexcmds Info: \pdfdraftmode found.
))
(/usr/share/texlive/texmf-dist/tex/latex/hycolor/hycolor.sty
Package: hycolor 2020-01-27 v1.10 Color options for hyperref/bookmark (HO)
)
(/usr/share/texlive/texmf-dist/tex/latex/auxhook/auxhook.sty
Package: auxhook 2019-12-17 v1.6 Hooks for auxiliary files (HO)
)
(/usr/share/texlive/texmf-dist/tex/latex/hyperref/nameref.sty
Package: nameref 2023-11-26 v2.56 Cross-referencing by name of section

(/usr/share/texlive/texmf-dist/tex/latex/refcount/refcount.sty
Package: refcount 2019/12/15 v3.6 Data extraction from label references (HO)
)
(/usr/share/texlive/texmf-dist/tex/generic/gettitlestring/gettitlestring.sty
Package: gettitlestring 2019/12/15 v1.6 Cleanup title references (HO)

(/usr/share/texlive/texmf-dist/tex/latex/kvoptions/kvoptions.sty
Package: kvoptions 2022-06-15 v3.15 Key value format for package options (HO)
))
\c@section@level=\count341
)
\@linkdim=\dimen301
\Hy@linkcounter=\count342
\Hy@pagecounter=\count343

(/usr/share/texlive/texmf-dist/tex/latex/hyperref/pd1enc.def
File: pd1enc.def 2024-01-20 v7.01h Hyperref: PDFDocEncoding definition (HO)
Now handling font encoding PD1 ...
... no UTF-8 mapping file for font encoding PD1
)
(/usr/share/texlive/texmf-dist/tex/generic/intcalc/intcalc.sty
Package: intcalc 2019/12/15 v1.3 Expandable calculations with integers (HO)
)
\Hy@SavedSpaceFactor=\count344

(/usr/share/texlive/texmf-dist/tex/latex/hyperref/puenc.def
File: puenc.def 2024-01-20 v7.01h Hyperref: PDF Unicode definition (HO)
Now handling font encoding PU ...
... no UTF-8 mapping file for font encoding PU
)
Package hyperref Info: Option `bookmarksnumbered' set `true' on input line 4062
.
Package hyperref Info: Option `breaklinks' set `true' on input line 4062.
Package hyperref Info: Option `colorlinks' set `true' on input line 4062.
Package hyperref Info: Hyper figures OFF on input line 4179.
Package hyperref Info: Link nesting OFF on input line 4184.
Package hyperref Info: Hyper index ON on input line 4187.
Package hyperref Info: Plain pages OFF on input line 4194.
Package hyperref Info: Backreferencing OFF on input line 4199.
Package hyperref Info: Implicit mode ON; LaTeX internals redefined.
Package hyperref Info: Bookmarks ON on input line 4446.
\c@Hy@tempcnt=\count345

(/usr/share/texlive/texmf-dist/tex/latex/url/url.sty
\Urlmuskip=\muskip17
Package: url 2013/09/16  ver 3.4  Verb mode for urls, etc.
)
LaTeX Info: Redefining \url on input line 4784.
\XeTeXLinkMargin=\dimen302

(/usr/share/texlive/texmf-dist/tex/generic/bitset/bitset.sty
Package: bitset 2019/12/09 v1.3 Handle bit-vector datatype (HO)

(/usr/share/texlive/texmf-dist/tex/generic/bigintcalc/bigintcalc.sty
Package: bigintcalc 2019/12/15 v1.5 Expandable calculations on big integers (HO
)
))
\Fld@menulength=\count346
\Field@Width=\dimen303
\Fld@charsize=\dimen304
Package hyperref Info: Hyper figures OFF on input line 6063.
Package hyperref Info: Link nesting OFF on input line 6068.
Package hyperref Info: Hyper index ON on input line 6071.
Package hyperref Info: backreferencing OFF on input line 6078.
Package hyperref Info: Link coloring ON on input line 6081.
Package hyperref Info: Link coloring with OCG OFF on input line 6088.
Package hyperref Info: PDF/A mode OFF on input line 6093.

(/usr/share/texlive/texmf-dist/tex/latex/base/atbegshi-ltx.sty
Package: atbegshi-ltx 2021/01/10 v1.0c Emulation of the original atbegshi
package with kernel methods
)
\Hy@abspage=\count347
\c@Item=\count348
\c@Hfootnote=\count349
)
Package hyperref Info: Driver (autodetected): hpdftex.

(/usr/share/texlive/texmf-dist/tex/latex/hyperref/hpdftex.def
File: hpdftex.def 2024-01-20 v7.01h Hyperref driver for pdfTeX

(/usr/share/texlive/texmf-dist/tex/latex/base/atveryend-ltx.sty
Package: atveryend-ltx 2020/08/19 v1.0a Emulation of the original atveryend pac
kage
with kernel methods
)
\Fld@listcount=\count350
\c@bookmark@seq@number=\count351

(/usr/share/texlive/texmf-dist/tex/latex/rerunfilecheck/rerunfilecheck.sty
Package: rerunfilecheck 2022-07-10 v1.10 Rerun checks for auxiliary files (HO)

(/usr/share/texlive/texmf-dist/tex/generic/uniquecounter/uniquecounter.sty
Package: uniquecounter 2019/12/15 v1.4 Provide unlimited unique counter (HO)
)
Package uniquecounter Info: New unique counter `rerunfilecheck' on input line 2
85.
)
\Hy@SectionHShift=\skip76
)
(./main.aux)
\openout1 = `main.aux'.

LaTeX Font Info:    Checking defaults for OML/cmm/m/it on input line 186.
LaTeX Font Info:    ... okay on input line 186.
LaTeX Font Info:    Checking defaults for OMS/cmsy/m/n on input line 186.
LaTeX Font Info:    ... okay on input line 186.
LaTeX Font Info:    Checking defaults for OT1/cmr/m/n on input line 186.
LaTeX Font Info:    ... okay on input line 186.
LaTeX Font Info:    Checking defaults for T1/cmr/m/n on input line 186.
LaTeX Font Info:    ... okay on input line 186.
LaTeX Font Info:    Checking defaults for TS1/cmr/m/n on input line 186.
LaTeX Font Info:    ... okay on input line 186.
LaTeX Font Info:    Checking defaults for OMX/cmex/m/n on input line 186.
LaTeX Font Info:    ... okay on input line 186.
LaTeX Font Info:    Checking defaults for U/cmr/m/n on input line 186.
LaTeX Font Info:    ... okay on input line 186.
LaTeX Font Info:    Checking defaults for PD1/pdf/m/n on input line 186.
LaTeX Font Info:    ... okay on input line 186.
LaTeX Font Info:    Checking defaults for PU/pdf/m/n on input line 186.
LaTeX Font Info:    ... okay on input line 186.

*geometry* driver: auto-detecting
*geometry* detected driver: pdftex
*geometry* verbose mode - [ preamble ] result:
* driver: pdftex
* paper: letterpaper
* layout: <same size as paper>
* layoutoffset:(h,v)=(0.0pt,0.0pt)
* modes: 
* h-part:(L,W,R)=(91.04881pt, 432.19737pt, 91.04881pt)
* v-part:(T,H,B)=(85.35826pt, 624.25346pt, 85.35826pt)
* \paperwidth=614.295pt
* \paperheight=794.96999pt
* \textwidth=432.19737pt
* \textheight=624.25346pt
* \oddsidemargin=18.77882pt
* \evensidemargin=18.77882pt
* \topmargin=-29.36447pt
* \headheight=14.0pt
* \headsep=28.45274pt
* \topskip=11.0pt
* \footskip=30.0pt
* \marginparwidth=59.0pt
* \marginparsep=10.0pt
* \columnsep=10.0pt
* \skip\footins=10.0pt plus 4.0pt minus 2.0pt
* \hoffset=0.0pt
* \voffset=0.0pt
* \mag=1000
* \@twocolumnfalse
* \@twosidefalse
* \@mparswitchfalse
* \@reversemarginfalse
* (1in=72.27pt=25.4mm, 1cm=28.453pt)

LaTeX Info: Redefining \microtypecontext on input line 186.
Package microtype Info: Applying patch `item' on input line 186.
Package microtype Info: Applying patch `toc' on input line 186.
Package microtype Info: Applying patch `eqnum' on input line 186.
Package microtype Info: Applying patch `footnote' on input line 186.
Package microtype Info: Applying patch `verbatim' on input line 186.
Package microtype Info: Generating PDF output.
Package microtype Info: Character protrusion enabled (level 2).
Package microtype Info: Using default protrusion set `alltext'.
Package microtype Info: Automatic font expansion enabled (level 2),
(microtype)             stretch: 20, shrink: 20, step: 1, non-selected.
Package microtype Info: Using default expansion set `alltext-nott'.
LaTeX Info: Redefining \showhyphens on input line 186.
Package microtype Info: No adjustment of tracking.
Package microtype Info: No adjustment of interword spacing.
Package microtype Info: No adjustment of character kerning.
(/usr/share/texlive/texmf-dist/tex/latex/microtype/mt-cmr.cfg
File: mt-cmr.cfg 2013/05/19 v2.2 microtype config. file: Computer Modern Roman 
(RS)
)
Option `amssymb' provided! 
 Command \square redefined by SIunits package!

(/usr/share/texlive/texmf-dist/tex/context/base/mkii/supp-pdf.mkii
[Loading MPS to PDF converter (version 2006.09.02).]
\scratchcounter=\count352
\scratchdimen=\dimen305
\scratchbox=\box137
\nofMPsegments=\count353
\nofMParguments=\count354
\everyMPshowfont=\toks48
\MPscratchCnt=\count355
\MPscratchDim=\dimen306
\MPnumerator=\count356
\makeMPintoPDFobject=\count357
\everyMPtoPDFconversion=\toks49
) (/usr/share/texlive/texmf-dist/tex/latex/epstopdf-pkg/epstopdf-base.sty
Package: epstopdf-base 2020-01-24 v2.11 Base part for package epstopdf
Package epstopdf-base Info: Redefining graphics rule for `.eps' on input line 4
85.

(/usr/share/texlive/texmf-dist/tex/latex/latexconfig/epstopdf-sys.cfg
File: epstopdf-sys.cfg 2010/07/13 v1.3 Configuration of (r)epstopdf for TeX Liv
e
))
Package caption Info: Begin \AtBeginDocument code.
Package caption Info: float package is loaded.
Package caption Info: hyperref package is loaded.
Package caption Info: listings package is loaded.
Package caption Info: longtable package is loaded.

(/usr/share/texlive/texmf-dist/tex/latex/caption/ltcaption.sty
Package: ltcaption 2021/01/08 v1.4c longtable captions (AR)
)
Package caption Info: End \AtBeginDocument code.
\c@lstlisting=\count358
Package hyperref Info: Link coloring ON on input line 186.
 (./main.out)
(./main.out)
\@outlinefile=\write4
\openout4 = `main.out'.

 [1

{/var/lib/texmf/fonts/map/pdftex/updmap/pdftex.map}{/usr/share/texmf/fonts/enc/
dvips/cm-super/cm-super-t1.enc}]
LaTeX Font Info:    Trying to load font information for U+msa on input line 253
.

(/usr/share/texlive/texmf-dist/tex/latex/amsfonts/umsa.fd
File: umsa.fd 2013/01/14 v3.01 AMS symbols A
)
(/usr/share/texlive/texmf-dist/tex/latex/microtype/mt-msa.cfg
File: mt-msa.cfg 2006/02/04 v1.1 microtype config. file: AMS symbols (a) (RS)
)
LaTeX Font Info:    Trying to load font information for U+msb on input line 253
.

(/usr/share/texlive/texmf-dist/tex/latex/amsfonts/umsb.fd
File: umsb.fd 2013/01/14 v3.01 AMS symbols B
)
(/usr/share/texlive/texmf-dist/tex/latex/microtype/mt-msb.cfg
File: mt-msb.cfg 2005/06/01 v1.0 microtype config. file: AMS symbols (b) (RS)
)
LaTeX Font Info:    Trying to load font information for U+lasy on input line 25
3.

(/usr/share/texlive/texmf-dist/tex/latex/base/ulasy.fd
File: ulasy.fd 1998/08/17 v2.2e LaTeX symbol font definitions
)
(/usr/share/texlive/texmf-dist/tex/latex/microtype/mt-eur.cfg
File: mt-eur.cfg 2006/07/31 v1.1 microtype config. file: AMS Euler Roman (RS)
) [2]
\bbl@ensure@spanish {Cap\'\i tulo} 1.
(./introducción.tex)
pdfTeX warning (ext4): destination with the same identifier (name{page.1}) has 
been already used, duplicate ignored
<to be read again> 
                   \relax 
l.268 \chapter
              {Objetivos} [1

]
\bbl@ensure@spanish {Cap\'\i tulo} 2.
(./objetivos.tex)
pdfTeX warning (ext4): destination with the same identifier (name{page.2}) has 
been already used, duplicate ignored
<to be read again> 
                   \relax 
l.272 \chapter
              {Marco teórico} [2

]
\bbl@ensure@spanish {Cap\'\i tulo} 3.
(./theory.tex [3

] [4{/usr/share/texmf/fonts/enc/dvips/cm-super/cm-super-ts1.enc}] [5] [6] [7] [
8] [9] [10] [11]

Package hyperref Warning: Token not allowed in a PDF string (Unicode):
(hyperref)                removing `math shift' on input line 206.

[12] [13] [14]

LaTeX Warning: Characters dropped after `\end{comment}' on input line 256.

[15]) [16] [17]
\bbl@ensure@spanish {Cap\'\i tulo} 4.
(./metodología.tex [18

]
LaTeX Font Info:    Trying to load font information for T1+cmtt on input line 4
8.

(/usr/share/texlive/texmf-dist/tex/latex/base/t1cmtt.fd
File: t1cmtt.fd 2023/04/13 v2.5m Standard LaTeX font definitions
)
Package microtype Info: Loading generic protrusion settings for font family
(microtype)             `cmtt' (encoding: T1).
(microtype)             For optimal results, create family-specific settings.
(microtype)             See the microtype manual for details.
 [19] [20] [21]
[22] [23] [24] [25] [26]
Overfull \hbox (1.15318pt too wide) in paragraph at lines 338--339
[]\T1/cmtt/m/n/10.95 --target_transform\T1/cmr/m/n/10.95 (-20) : Trans-for-ma-c
i�n del tar-get: \T1/cmtt/m/n/10.95 log1p\T1/cmr/m/n/10.95 (-20) , \T1/cmtt/m/n
/10.95 cbrt\T1/cmr/m/n/10.95 (-20) , \T1/cmtt/m/n/10.95 pow025\T1/cmr/m/n/10.95
 (-20) , \T1/cmtt/m/n/10.95 pow05\T1/cmr/m/n/10.95 (-20) , \T1/cmtt/m/n/10.95 s
tandard\T1/cmr/m/n/10.95 (-20) ,
 []

[27] [28] [29] [30] [31]
Overfull \hbox (8.23602pt too wide) in paragraph at lines 491--492
[]\T1/cmr/m/n/10.95 (-20) Carga un archi-vo de predic-ciones NetCDF (t�pi-ca-me
nte \T1/cmtt/m/n/10.95 modelo_pixel_predictions.nc\T1/cmr/m/n/10.95 (-20) ). 
 []

) [32]
\bbl@ensure@spanish {Cap\'\i tulo} 5.
(./results.tex
<Informe/resultados/comparacion_combinaciones.png, id=837, 859.65166pt x 853.14
735pt>
File: Informe/resultados/comparacion_combinaciones.png Graphic file (type png)
<use Informe/resultados/comparacion_combinaciones.png>
Package pdftex.def Info: Informe/resultados/comparacion_combinaciones.png  used
 on input line 6.
(pdftex.def)             Requested size: 369.88582pt x 367.09355pt.
 [33

 <./Informe/resultados/comparacion_combinaciones.png>]
Overfull \hbox (4.918pt too wide) in paragraph at lines 35--35
[]   \T1/cmtt/m/n/8 Pearson r                 = 0.9166  (p=0.00e+00)[] 
 []


Overfull \hbox (4.918pt too wide) in paragraph at lines 36--36
[]   \T1/cmtt/m/n/8 Spearman rho              = 0.9122  (p=0.00e+00)[] 
 []


Overfull \hbox (4.918pt too wide) in paragraph at lines 69--69
[]   \T1/cmtt/m/n/8 Pearson r                 = 0.8719  (p=0.00e+00)[] 
 []


Overfull \hbox (4.918pt too wide) in paragraph at lines 70--70
[]   \T1/cmtt/m/n/8 Spearman rho              = 0.8906  (p=0.00e+00)[] 
 []

<Informe/resultados/BocacostaLSTM/com.metricas.png, id=846, 859.5312pt x 569.48
76pt>
File: Informe/resultados/BocacostaLSTM/com.metricas.png Graphic file (type png)

<use Informe/resultados/BocacostaLSTM/com.metricas.png>
Package pdftex.def Info: Informe/resultados/BocacostaLSTM/com.metricas.png  use
d on input line 100.
(pdftex.def)             Requested size: 201.83247pt x 133.72786pt.
<Informe/resultados/BocacostaNextGen/com.metricas.png, id=847, 859.5312pt x 569
.4876pt>
File: Informe/resultados/BocacostaNextGen/com.metricas.png Graphic file (type p
ng)
<use Informe/resultados/BocacostaNextGen/com.metricas.png>
Package pdftex.def Info: Informe/resultados/BocacostaNextGen/com.metricas.png  
used on input line 106.
(pdftex.def)             Requested size: 201.83247pt x 133.72786pt.
[34]
<Informe/resultados/BocacostaLSTM/com.cicloanual.png, id=854, 570.4512pt x 353.
6412pt>
File: Informe/resultados/BocacostaLSTM/com.cicloanual.png Graphic file (type pn
g)
<use Informe/resultados/BocacostaLSTM/com.cicloanual.png>
Package pdftex.def Info: Informe/resultados/BocacostaLSTM/com.cicloanual.png  u
sed on input line 119.
(pdftex.def)             Requested size: 215.72047pt x 133.72786pt.

Overfull \hbox (8.2676pt too wide) in paragraph at lines 119--120
 [][] 
 []

<Informe/resultados/BocacostaNextGen/com.cicloanual.png, id=855, 570.4512pt x 3
53.6412pt>
File: Informe/resultados/BocacostaNextGen/com.cicloanual.png Graphic file (type
 png)
<use Informe/resultados/BocacostaNextGen/com.cicloanual.png>
Package pdftex.def Info: Informe/resultados/BocacostaNextGen/com.cicloanual.png
  used on input line 125.
(pdftex.def)             Requested size: 215.72047pt x 133.72786pt.

Overfull \hbox (8.2676pt too wide) in paragraph at lines 125--126
 [][] 
 []

<Informe/resultados/pronósticosLSTM/Pronóstico_LSTM_1_2025_Boca Costa_03.png,
 id=856, 423.5022pt x 301.8477pt>
File: Informe/resultados/pronósticosLSTM/Pronóstico_LSTM_1_2025_Boca Costa_03
.png Graphic file (type png)
<use Informe/resultados/pronósticosLSTM/Pronóstico_LSTM_1_2025_Boca Costa_03.
png>
Package pdftex.def Info: Informe/resultados/pronósticosLSTM/Pronóstico_LSTM_1
_2025_Boca Costa_03.png  used on input line 148.
(pdftex.def)             Requested size: 194.48749pt x 138.61671pt.
<Informe/resultados/pronósticosNextGen/Pronóstico_NextGen_1_2025_Boca Costa_0
3.png, id=857, 423.5022pt x 301.8477pt>
File: Informe/resultados/pronósticosNextGen/Pronóstico_NextGen_1_2025_Boca Co
sta_03.png Graphic file (type png)
<use Informe/resultados/pronósticosNextGen/Pronóstico_NextGen_1_2025_Boca Cos
ta_03.png>
Package pdftex.def Info: Informe/resultados/pronósticosNextGen/Pronóstico_Nex
tGen_1_2025_Boca Costa_03.png  used on input line 152.
(pdftex.def)             Requested size: 194.48749pt x 138.61671pt.
<Informe/resultados/precipitación/Precipitación_1_2025_Boca Costa_03.png, id=
858, 423.5022pt x 301.8477pt>
File: Informe/resultados/precipitación/Precipitación_1_2025_Boca Costa_03.png
 Graphic file (type png)
<use Informe/resultados/precipitación/Precipitación_1_2025_Boca Costa_03.png>

Package pdftex.def Info: Informe/resultados/precipitación/Precipitación_1_202
5_Boca Costa_03.png  used on input line 159.
(pdftex.def)             Requested size: 237.70987pt x 169.42505pt.
<Informe/resultados/pronósticosLSTM/Pronóstico_LSTM_2_2025_Boca Costa_03.png,
 id=859, 423.5022pt x 301.8477pt>
File: Informe/resultados/pronósticosLSTM/Pronóstico_LSTM_2_2025_Boca Costa_03
.png Graphic file (type png)
<use Informe/resultados/pronósticosLSTM/Pronóstico_LSTM_2_2025_Boca Costa_03.
png>
Package pdftex.def Info: Informe/resultados/pronósticosLSTM/Pronóstico_LSTM_2
_2025_Boca Costa_03.png  used on input line 173.
(pdftex.def)             Requested size: 194.48749pt x 138.61671pt.
<Informe/resultados/pronósticosNextGen/Pronóstico_NextGen_2_2025_Boca Costa_0
3.png, id=860, 423.5022pt x 301.8477pt>
File: Informe/resultados/pronósticosNextGen/Pronóstico_NextGen_2_2025_Boca Co
sta_03.png Graphic file (type png)
<use Informe/resultados/pronósticosNextGen/Pronóstico_NextGen_2_2025_Boca Cos
ta_03.png>
Package pdftex.def Info: Informe/resultados/pronósticosNextGen/Pronóstico_Nex
tGen_2_2025_Boca Costa_03.png  used on input line 177.
(pdftex.def)             Requested size: 194.48749pt x 138.61671pt.
<Informe/resultados/precipitación/Precipitación_2_2025_Boca Costa_03.png, id=
861, 423.5022pt x 301.8477pt>
File: Informe/resultados/precipitación/Precipitación_2_2025_Boca Costa_03.png
 Graphic file (type png)
<use Informe/resultados/precipitación/Precipitación_2_2025_Boca Costa_03.png>

Package pdftex.def Info: Informe/resultados/precipitación/Precipitación_2_202
5_Boca Costa_03.png  used on input line 184.
(pdftex.def)             Requested size: 237.70987pt x 169.42505pt.

LaTeX Warning: Float too large for page by 18.07541pt on input line 186.

<Informe/resultados/pronósticosLSTM/Pronóstico_LSTM_3_2025_Boca Costa_03.png,
 id=862, 423.5022pt x 301.8477pt>
File: Informe/resultados/pronósticosLSTM/Pronóstico_LSTM_3_2025_Boca Costa_03
.png Graphic file (type png)
<use Informe/resultados/pronósticosLSTM/Pronóstico_LSTM_3_2025_Boca Costa_03.
png>
Package pdftex.def Info: Informe/resultados/pronósticosLSTM/Pronóstico_LSTM_3
_2025_Boca Costa_03.png  used on input line 199.
(pdftex.def)             Requested size: 194.48749pt x 138.61671pt.
<Informe/resultados/pronósticosNextGen/Pronóstico_NextGen_3_2025_Boca Costa_0
3.png, id=863, 423.5022pt x 301.8477pt>
File: Informe/resultados/pronósticosNextGen/Pronóstico_NextGen_3_2025_Boca Co
sta_03.png Graphic file (type png)
<use Informe/resultados/pronósticosNextGen/Pronóstico_NextGen_3_2025_Boca Cos
ta_03.png>
Package pdftex.def Info: Informe/resultados/pronósticosNextGen/Pronóstico_Nex
tGen_3_2025_Boca Costa_03.png  used on input line 203.
(pdftex.def)             Requested size: 194.48749pt x 138.61671pt.
<Informe/resultados/precipitación/Precipitación_3_2025_Boca Costa_03.png, id=
864, 423.5022pt x 301.8477pt>
File: Informe/resultados/precipitación/Precipitación_3_2025_Boca Costa_03.png
 Graphic file (type png)
<use Informe/resultados/precipitación/Precipitación_3_2025_Boca Costa_03.png>

Package pdftex.def Info: Informe/resultados/precipitación/Precipitación_3_202
5_Boca Costa_03.png  used on input line 210.
(pdftex.def)             Requested size: 237.70987pt x 169.42505pt.
<Informe/resultados/pronósticosLSTM/Pronóstico_LSTM_4_2025_Boca Costa_03.png,
 id=865, 423.5022pt x 301.8477pt>
File: Informe/resultados/pronósticosLSTM/Pronóstico_LSTM_4_2025_Boca Costa_03
.png Graphic file (type png)
<use Informe/resultados/pronósticosLSTM/Pronóstico_LSTM_4_2025_Boca Costa_03.
png>
Package pdftex.def Info: Informe/resultados/pronósticosLSTM/Pronóstico_LSTM_4
_2025_Boca Costa_03.png  used on input line 224.
(pdftex.def)             Requested size: 194.48749pt x 138.61671pt.
<Informe/resultados/pronósticosNextGen/Pronóstico_NextGen_4_2025_Boca Costa_0
3.png, id=866, 423.5022pt x 301.8477pt>
File: Informe/resultados/pronósticosNextGen/Pronóstico_NextGen_4_2025_Boca Co
sta_03.png Graphic file (type png)
<use Informe/resultados/pronósticosNextGen/Pronóstico_NextGen_4_2025_Boca Cos
ta_03.png>
Package pdftex.def Info: Informe/resultados/pronósticosNextGen/Pronóstico_Nex
tGen_4_2025_Boca Costa_03.png  used on input line 228.
(pdftex.def)             Requested size: 194.48749pt x 138.61671pt.
<Informe/resultados/precipitación/Precipitación_4_2025_Boca Costa_03.png, id=
867, 423.5022pt x 301.8477pt>
File: Informe/resultados/precipitación/Precipitación_4_2025_Boca Costa_03.png
 Graphic file (type png)
<use Informe/resultados/precipitación/Precipitación_4_2025_Boca Costa_03.png>

Package pdftex.def Info: Informe/resultados/precipitación/Precipitación_4_202
5_Boca Costa_03.png  used on input line 235.
(pdftex.def)             Requested size: 237.70987pt x 169.42505pt.

LaTeX Warning: Float too large for page by 18.07541pt on input line 239.

<Informe/resultados/pronósticosLSTM/Pronóstico_LSTM_5_2025_Boca Costa_03.png,
 id=868, 430.0065pt x 295.8252pt>
File: Informe/resultados/pronósticosLSTM/Pronóstico_LSTM_5_2025_Boca Costa_03
.png Graphic file (type png)
<use Informe/resultados/pronósticosLSTM/Pronóstico_LSTM_5_2025_Boca Costa_03.
png>
Package pdftex.def Info: Informe/resultados/pronósticosLSTM/Pronóstico_LSTM_5
_2025_Boca Costa_03.png  used on input line 252.
(pdftex.def)             Requested size: 194.48749pt x 133.79718pt.
<Informe/resultados/pronósticosNextGen/Pronóstico_NextGen_5_2025_Boca Costa_0
3.png, id=869, 430.0065pt x 295.8252pt>
File: Informe/resultados/pronósticosNextGen/Pronóstico_NextGen_5_2025_Boca Co
sta_03.png Graphic file (type png)
<use Informe/resultados/pronósticosNextGen/Pronóstico_NextGen_5_2025_Boca Cos
ta_03.png>
Package pdftex.def Info: Informe/resultados/pronósticosNextGen/Pronóstico_Nex
tGen_5_2025_Boca Costa_03.png  used on input line 256.
(pdftex.def)             Requested size: 194.48749pt x 133.79718pt.
<Informe/resultados/precipitación/Precipitación_5_2025_Boca Costa_03.png, id=
870, 430.0065pt x 295.8252pt>
File: Informe/resultados/precipitación/Precipitación_5_2025_Boca Costa_03.png
 Graphic file (type png)
<use Informe/resultados/precipitación/Precipitación_5_2025_Boca Costa_03.png>

Package pdftex.def Info: Informe/resultados/precipitación/Precipitación_5_202
5_Boca Costa_03.png  used on input line 263.
(pdftex.def)             Requested size: 237.70987pt x 163.53491pt.
<Informe/resultados/pronósticosLSTM/Pronóstico_LSTM_6_2025_Boca Costa_03.png,
 id=871, 430.0065pt x 295.8252pt>
File: Informe/resultados/pronósticosLSTM/Pronóstico_LSTM_6_2025_Boca Costa_03
.png Graphic file (type png)
<use Informe/resultados/pronósticosLSTM/Pronóstico_LSTM_6_2025_Boca Costa_03.
png>
Package pdftex.def Info: Informe/resultados/pronósticosLSTM/Pronóstico_LSTM_6
_2025_Boca Costa_03.png  used on input line 277.
(pdftex.def)             Requested size: 194.48749pt x 133.79718pt.
<Informe/resultados/pronósticosNextGen/Pronóstico_NextGen_6_2025_Boca Costa_0
3.png, id=872, 430.0065pt x 295.8252pt>
File: Informe/resultados/pronósticosNextGen/Pronóstico_NextGen_6_2025_Boca Co
sta_03.png Graphic file (type png)
<use Informe/resultados/pronósticosNextGen/Pronóstico_NextGen_6_2025_Boca Cos
ta_03.png>
Package pdftex.def Info: Informe/resultados/pronósticosNextGen/Pronóstico_Nex
tGen_6_2025_Boca Costa_03.png  used on input line 281.
(pdftex.def)             Requested size: 194.48749pt x 133.79718pt.
<Informe/resultados/precipitación/Precipitación_6_2025_Boca Costa_03.png, id=
873, 430.0065pt x 295.8252pt>
File: Informe/resultados/precipitación/Precipitación_6_2025_Boca Costa_03.png
 Graphic file (type png)
<use Informe/resultados/precipitación/Precipitación_6_2025_Boca Costa_03.png>

Package pdftex.def Info: Informe/resultados/precipitación/Precipitación_6_202
5_Boca Costa_03.png  used on input line 288.
(pdftex.def)             Requested size: 237.70987pt x 163.53491pt.
<Informe/resultados/pronósticosLSTM/Pronóstico_LSTM_7_2025_Boca Costa_03.png,
 id=874, 430.0065pt x 295.8252pt>
File: Informe/resultados/pronósticosLSTM/Pronóstico_LSTM_7_2025_Boca Costa_03
.png Graphic file (type png)
<use Informe/resultados/pronósticosLSTM/Pronóstico_LSTM_7_2025_Boca Costa_03.
png>
Package pdftex.def Info: Informe/resultados/pronósticosLSTM/Pronóstico_LSTM_7
_2025_Boca Costa_03.png  used on input line 305.
(pdftex.def)             Requested size: 194.48749pt x 133.79718pt.
<Informe/resultados/pronósticosNextGen/Pronóstico_NextGen_7_2025_Boca Costa_0
3.png, id=875, 430.0065pt x 295.8252pt>
File: Informe/resultados/pronósticosNextGen/Pronóstico_NextGen_7_2025_Boca Co
sta_03.png Graphic file (type png)
<use Informe/resultados/pronósticosNextGen/Pronóstico_NextGen_7_2025_Boca Cos
ta_03.png>
Package pdftex.def Info: Informe/resultados/pronósticosNextGen/Pronóstico_Nex
tGen_7_2025_Boca Costa_03.png  used on input line 309.
(pdftex.def)             Requested size: 194.48749pt x 133.79718pt.
<Informe/resultados/precipitación/Precipitación_7_2025_Boca Costa_03.png, id=
876, 430.0065pt x 295.8252pt>
File: Informe/resultados/precipitación/Precipitación_7_2025_Boca Costa_03.png
 Graphic file (type png)
<use Informe/resultados/precipitación/Precipitación_7_2025_Boca Costa_03.png>

Package pdftex.def Info: Informe/resultados/precipitación/Precipitación_7_202
5_Boca Costa_03.png  used on input line 316.
(pdftex.def)             Requested size: 237.70987pt x 163.53491pt.
<Informe/resultados/pronósticosLSTM/Pronóstico_LSTM_8_2025_Boca Costa_03.png,
 id=877, 430.0065pt x 295.8252pt>
File: Informe/resultados/pronósticosLSTM/Pronóstico_LSTM_8_2025_Boca Costa_03
.png Graphic file (type png)
<use Informe/resultados/pronósticosLSTM/Pronóstico_LSTM_8_2025_Boca Costa_03.
png>
Package pdftex.def Info: Informe/resultados/pronósticosLSTM/Pronóstico_LSTM_8
_2025_Boca Costa_03.png  used on input line 330.
(pdftex.def)             Requested size: 194.48749pt x 133.79718pt.
<Informe/resultados/pronósticosNextGen/Pronóstico_NextGen_8_2025_Boca Costa_0
3.png, id=878, 430.0065pt x 295.8252pt>
File: Informe/resultados/pronósticosNextGen/Pronóstico_NextGen_8_2025_Boca Co
sta_03.png Graphic file (type png)
<use Informe/resultados/pronósticosNextGen/Pronóstico_NextGen_8_2025_Boca Cos
ta_03.png>
Package pdftex.def Info: Informe/resultados/pronósticosNextGen/Pronóstico_Nex
tGen_8_2025_Boca Costa_03.png  used on input line 334.
(pdftex.def)             Requested size: 194.48749pt x 133.79718pt.
<Informe/resultados/precipitación/Precipitación_8_2025_Boca Costa_03.png, id=
879, 430.0065pt x 295.8252pt>
File: Informe/resultados/precipitación/Precipitación_8_2025_Boca Costa_03.png
 Graphic file (type png)
<use Informe/resultados/precipitación/Precipitación_8_2025_Boca Costa_03.png>

Package pdftex.def Info: Informe/resultados/precipitación/Precipitación_8_202
5_Boca Costa_03.png  used on input line 341.
(pdftex.def)             Requested size: 237.70987pt x 163.53491pt.
<Informe/resultados/pronósticosLSTM/Pronóstico_LSTM_9_2025_Boca Costa_03.png,
 id=880, 430.0065pt x 295.8252pt>
File: Informe/resultados/pronósticosLSTM/Pronóstico_LSTM_9_2025_Boca Costa_03
.png Graphic file (type png)
<use Informe/resultados/pronósticosLSTM/Pronóstico_LSTM_9_2025_Boca Costa_03.
png>
Package pdftex.def Info: Informe/resultados/pronósticosLSTM/Pronóstico_LSTM_9
_2025_Boca Costa_03.png  used on input line 358.
(pdftex.def)             Requested size: 194.48749pt x 133.79718pt.
<Informe/resultados/pronósticosNextGen/Pronóstico_NextGen_9_2025_Boca Costa_0
3.png, id=881, 430.0065pt x 295.8252pt>
File: Informe/resultados/pronósticosNextGen/Pronóstico_NextGen_9_2025_Boca Co
sta_03.png Graphic file (type png)
<use Informe/resultados/pronósticosNextGen/Pronóstico_NextGen_9_2025_Boca Cos
ta_03.png>
Package pdftex.def Info: Informe/resultados/pronósticosNextGen/Pronóstico_Nex
tGen_9_2025_Boca Costa_03.png  used on input line 362.
(pdftex.def)             Requested size: 194.48749pt x 133.79718pt.
<Informe/resultados/precipitación/Precipitación_9_2025_Boca Costa_03.png, id=
882, 430.0065pt x 295.8252pt>
File: Informe/resultados/precipitación/Precipitación_9_2025_Boca Costa_03.png
 Graphic file (type png)
<use Informe/resultados/precipitación/Precipitación_9_2025_Boca Costa_03.png>

Package pdftex.def Info: Informe/resultados/precipitación/Precipitación_9_202
5_Boca Costa_03.png  used on input line 369.
(pdftex.def)             Requested size: 237.70987pt x 163.53491pt.
<Informe/resultados/pronósticosLSTM/Pronóstico_LSTM_10_2025_Boca Costa_03.png
, id=883, 430.0065pt x 295.8252pt>
File: Informe/resultados/pronósticosLSTM/Pronóstico_LSTM_10_2025_Boca Costa_0
3.png Graphic file (type png)
<use Informe/resultados/pronósticosLSTM/Pronóstico_LSTM_10_2025_Boca Costa_03
.png>
Package pdftex.def Info: Informe/resultados/pronósticosLSTM/Pronóstico_LSTM_1
0_2025_Boca Costa_03.png  used on input line 383.
(pdftex.def)             Requested size: 194.48749pt x 133.79718pt.
<Informe/resultados/pronósticosNextGen/Pronóstico_NextGen_10_2025_Boca Costa_
03.png, id=884, 430.0065pt x 295.8252pt>
File: Informe/resultados/pronósticosNextGen/Pronóstico_NextGen_10_2025_Boca C
osta_03.png Graphic file (type png)
<use Informe/resultados/pronósticosNextGen/Pronóstico_NextGen_10_2025_Boca Co
sta_03.png>
Package pdftex.def Info: Informe/resultados/pronósticosNextGen/Pronóstico_Nex
tGen_10_2025_Boca Costa_03.png  used on input line 387.
(pdftex.def)             Requested size: 194.48749pt x 133.79718pt.
<Informe/resultados/precipitación/Precipitación_10_2025_Boca Costa_03.png, id
=885, 430.0065pt x 295.8252pt>
File: Informe/resultados/precipitación/Precipitación_10_2025_Boca Costa_03.pn
g Graphic file (type png)
<use Informe/resultados/precipitación/Precipitación_10_2025_Boca Costa_03.png
>
Package pdftex.def Info: Informe/resultados/precipitación/Precipitación_10_20
25_Boca Costa_03.png  used on input line 394.
(pdftex.def)             Requested size: 237.70987pt x 163.53491pt.
<Informe/resultados/pronósticosLSTM/Pronóstico_LSTM_11_2025_Boca Costa_03.png
, id=886, 423.5022pt x 301.8477pt>
File: Informe/resultados/pronósticosLSTM/Pronóstico_LSTM_11_2025_Boca Costa_0
3.png Graphic file (type png)
<use Informe/resultados/pronósticosLSTM/Pronóstico_LSTM_11_2025_Boca Costa_03
.png>
Package pdftex.def Info: Informe/resultados/pronósticosLSTM/Pronóstico_LSTM_1
1_2025_Boca Costa_03.png  used on input line 412.
(pdftex.def)             Requested size: 194.48749pt x 138.61671pt.
<Informe/resultados/pronósticosNextGen/Pronóstico_NextGen_11_2025_Boca Costa_
03.png, id=887, 423.5022pt x 301.8477pt>
File: Informe/resultados/pronósticosNextGen/Pronóstico_NextGen_11_2025_Boca C
osta_03.png Graphic file (type png)
<use Informe/resultados/pronósticosNextGen/Pronóstico_NextGen_11_2025_Boca Co
sta_03.png>
Package pdftex.def Info: Informe/resultados/pronósticosNextGen/Pronóstico_Nex
tGen_11_2025_Boca Costa_03.png  used on input line 416.
(pdftex.def)             Requested size: 194.48749pt x 138.61671pt.
<Informe/resultados/precipitación/Precipitación_11_2025_Boca Costa_03.png, id
=888, 423.5022pt x 301.8477pt>
File: Informe/resultados/precipitación/Precipitación_11_2025_Boca Costa_03.pn
g Graphic file (type png)
<use Informe/resultados/precipitación/Precipitación_11_2025_Boca Costa_03.png
>
Package pdftex.def Info: Informe/resultados/precipitación/Precipitación_11_20
25_Boca Costa_03.png  used on input line 423.
(pdftex.def)             Requested size: 237.70987pt x 169.42505pt.
<Informe/resultados/pronósticosLSTM/Pronóstico_LSTM_12_2025_Boca Costa_03.png
, id=889, 423.5022pt x 301.8477pt>
File: Informe/resultados/pronósticosLSTM/Pronóstico_LSTM_12_2025_Boca Costa_0
3.png Graphic file (type png)
<use Informe/resultados/pronósticosLSTM/Pronóstico_LSTM_12_2025_Boca Costa_03
.png>
Package pdftex.def Info: Informe/resultados/pronósticosLSTM/Pronóstico_LSTM_1
2_2025_Boca Costa_03.png  used on input line 437.
(pdftex.def)             Requested size: 194.48749pt x 138.61671pt.
<Informe/resultados/pronósticosNextGen/Pronóstico_NextGen_12_2025_Boca Costa_
03.png, id=890, 423.5022pt x 301.8477pt>
File: Informe/resultados/pronósticosNextGen/Pronóstico_NextGen_12_2025_Boca C
osta_03.png Graphic file (type png)
<use Informe/resultados/pronósticosNextGen/Pronóstico_NextGen_12_2025_Boca Co
sta_03.png>
Package pdftex.def Info: Informe/resultados/pronósticosNextGen/Pronóstico_Nex
tGen_12_2025_Boca Costa_03.png  used on input line 441.
(pdftex.def)             Requested size: 194.48749pt x 138.61671pt.
<Informe/resultados/precipitación/Precipitación_12_2025_Boca Costa_03.png, id
=891, 423.5022pt x 301.8477pt>
File: Informe/resultados/precipitación/Precipitación_12_2025_Boca Costa_03.pn
g Graphic file (type png)
<use Informe/resultados/precipitación/Precipitación_12_2025_Boca Costa_03.png
>
Package pdftex.def Info: Informe/resultados/precipitación/Precipitación_12_20
25_Boca Costa_03.png  used on input line 448.
(pdftex.def)             Requested size: 237.70987pt x 169.42505pt.

LaTeX Warning: Float too large for page by 18.07541pt on input line 451.

) [35 <./Informe/resultados/BocacostaLSTM/com.metricas.png> <./Informe/resultad
os/BocacostaNextGen/com.metricas.png> <./Informe/resultados/BocacostaLSTM/com.c
icloanual.png> <./Informe/resultados/BocacostaNextGen/com.cicloanual.png>]
[36 <./Informe/resultados/pronósticosLSTM/Pronóstico_LSTM_1_2025_Boca Costa_0
3.png> <./Informe/resultados/pronósticosNextGen/Pronóstico_NextGen_1_2025_Boc
a Costa_03.png> <./Informe/resultados/precipitación/Precipitación_1_2025_Boca
 Costa_03.png> <./Informe/resultados/pronósticosLSTM/Pronóstico_LSTM_2_2025_B
oca Costa_03.png> <./Informe/resultados/pronósticosNextGen/Pronóstico_NextGen
_2_2025_Boca Costa_03.png> <./Informe/resultados/precipitación/Precipitación_
2_2025_Boca Costa_03.png>] [37 <./Informe/resultados/pronósticosLSTM/Pronósti
co_LSTM_3_2025_Boca Costa_03.png> <./Informe/resultados/pronósticosNextGen/Pro
nóstico_NextGen_3_2025_Boca Costa_03.png> <./Informe/resultados/precipitación
/Precipitación_3_2025_Boca Costa_03.png> <./Informe/resultados/pronósticosLST
M/Pronóstico_LSTM_4_2025_Boca Costa_03.png> <./Informe/resultados/pronósticos
NextGen/Pronóstico_NextGen_4_2025_Boca Costa_03.png> <./Informe/resultados/pre
cipitación/Precipitación_4_2025_Boca Costa_03.png>] [38 <./Informe/resultados
/pronósticosLSTM/Pronóstico_LSTM_5_2025_Boca Costa_03.png> <./Informe/resulta
dos/pronósticosNextGen/Pronóstico_NextGen_5_2025_Boca Costa_03.png> <./Inform
e/resultados/precipitación/Precipitación_5_2025_Boca Costa_03.png> <./Informe
/resultados/pronósticosLSTM/Pronóstico_LSTM_6_2025_Boca Costa_03.png> <./Info
rme/resultados/pronósticosNextGen/Pronóstico_NextGen_6_2025_Boca Costa_03.png
> <./Informe/resultados/precipitación/Precipitación_6_2025_Boca Costa_03.png>
] [39 <./Informe/resultados/pronósticosLSTM/Pronóstico_LSTM_7_2025_Boca Costa
_03.png> <./Informe/resultados/pronósticosNextGen/Pronóstico_NextGen_7_2025_B
oca Costa_03.png> <./Informe/resultados/precipitación/Precipitación_7_2025_Bo
ca Costa_03.png> <./Informe/resultados/pronósticosLSTM/Pronóstico_LSTM_8_2025
_Boca Costa_03.png> <./Informe/resultados/pronósticosNextGen/Pronóstico_NextG
en_8_2025_Boca Costa_03.png> <./Informe/resultados/precipitación/Precipitació
n_8_2025_Boca Costa_03.png>] [40 <./Informe/resultados/pronósticosLSTM/Pronós
tico_LSTM_9_2025_Boca Costa_03.png> <./Informe/resultados/pronósticosNextGen/P
ronóstico_NextGen_9_2025_Boca Costa_03.png> <./Informe/resultados/precipitaci�
�n/Precipitación_9_2025_Boca Costa_03.png> <./Informe/resultados/pronósticosL
STM/Pronóstico_LSTM_10_2025_Boca Costa_03.png> <./Informe/resultados/pronósti
cosNextGen/Pronóstico_NextGen_10_2025_Boca Costa_03.png> <./Informe/resultados
/precipitación/Precipitación_10_2025_Boca Costa_03.png>] [41 <./Informe/resul
tados/pronósticosLSTM/Pronóstico_LSTM_11_2025_Boca Costa_03.png> <./Informe/r
esultados/pronósticosNextGen/Pronóstico_NextGen_11_2025_Boca Costa_03.png> <.
/Informe/resultados/precipitación/Precipitación_11_2025_Boca Costa_03.png> <.
/Informe/resultados/pronósticosLSTM/Pronóstico_LSTM_12_2025_Boca Costa_03.png
> <./Informe/resultados/pronósticosNextGen/Pronóstico_NextGen_12_2025_Boca Co
sta_03.png> <./Informe/resultados/precipitación/Precipitación_12_2025_Boca Co
sta_03.png>]
\bbl@ensure@spanish {Cap\'\i tulo} 6.
(./discusion.tex [42

] [43] [44] [45] [46]) [47]
\bbl@ensure@spanish {Cap\'\i tulo} 7.
(./conclusiones.tex) [48

]
\bbl@ensure@spanish {Cap\'\i tulo} 8.
(./recomendaciones.tex) (./main.bbl [49

] [50

] [51] [52] [53] [54] [55]
Underfull \hbox (badness 10000) in paragraph at lines 461--467
\T1/cmtt/m/n/10.95 source / zhu / ZHU _ Training _ Page / Miscellaneous / Diver
gence / divergence . html$[][]\T1/cmr/m/n/10.95 (+20) ,
 []

) [56] (./main.aux)
 ***********
LaTeX2e <2023-11-01> patch level 1
L3 programming layer <2024-01-22>
 ***********
Package rerunfilecheck Info: File `main.out' has not changed.
(rerunfilecheck)             Checksum: 764AFC7CC86134713D447B60595226DD;27004.
 ) 
Here is how much of TeX's memory you used:
 34584 strings out of 476080
 676713 string characters out of 5792744
 2077801 words of memory out of 5000000
 55411 multiletter control sequences out of 15000+600000
 589081 words of font info for 228 fonts, out of 8000000 for 9000
 59 hyphenation exceptions out of 8191
 89i,13n,94p,1029b,901s stack positions out of 10000i,1000n,20000p,200000b,200000s
</usr/share/texlive/texmf-dist/fonts/type1/public/amsfonts/cm/cmbx10.pfb></us
r/share/texlive/texmf-dist/fonts/type1/public/amsfonts/cm/cmex10.pfb></usr/shar
e/texlive/texmf-dist/fonts/type1/public/amsfonts/cm/cmmi10.pfb></usr/share/texl
ive/texmf-dist/fonts/type1/public/amsfonts/cm/cmmi6.pfb></usr/share/texlive/tex
mf-dist/fonts/type1/public/amsfonts/cm/cmmi8.pfb></usr/share/texlive/texmf-dist
/fonts/type1/public/amsfonts/cm/cmr10.pfb></usr/share/texlive/texmf-dist/fonts/
type1/public/amsfonts/cm/cmr8.pfb></usr/share/texlive/texmf-dist/fonts/type1/pu
blic/amsfonts/cm/cmsy10.pfb></usr/share/texlive/texmf-dist/fonts/type1/public/a
msfonts/cm/cmsy6.pfb></usr/share/texlive/texmf-dist/fonts/type1/public/amsfonts
/cm/cmsy8.pfb></usr/share/texlive/texmf-dist/fonts/type1/public/amsfonts/symbol
s/msbm10.pfb></usr/share/texmf/fonts/type1/public/cm-super/sfbi1095.pfb></usr/s
hare/texmf/fonts/type1/public/cm-super/sfbx0900.pfb></usr/share/texmf/fonts/typ
e1/public/cm-super/sfbx1000.pfb></usr/share/texmf/fonts/type1/public/cm-super/s
fbx1095.pfb></usr/share/texmf/fonts/type1/public/cm-super/sfbx1200.pfb></usr/sh
are/texmf/fonts/type1/public/cm-super/sfbx1440.pfb></usr/share/texmf/fonts/type
1/public/cm-super/sfbx1728.pfb></usr/share/texmf/fonts/type1/public/cm-super/sf
rm0600.pfb></usr/share/texmf/fonts/type1/public/cm-super/sfrm0800.pfb></usr/sha
re/texmf/fonts/type1/public/cm-super/sfrm0900.pfb></usr/share/texmf/fonts/type1
/public/cm-super/sfrm1000.pfb></usr/share/texmf/fonts/type1/public/cm-super/sfr
m1095.pfb></usr/share/texmf/fonts/type1/public/cm-super/sfrm1200.pfb></usr/shar
e/texmf/fonts/type1/public/cm-super/sfti1095.pfb></usr/share/texmf/fonts/type1/
public/cm-super/sftt0800.pfb></usr/share/texmf/fonts/type1/public/cm-super/sftt
1095.pfb>
Output written on main.pdf (58 pages, 13923245 bytes).
PDF statistics:
 1260 PDF objects out of 1440 (max. 8388607)
 1051 compressed objects within 11 object streams
 356 named destinations out of 1000 (max. 500000)
 51714 words of extra memory for PDF output out of 61914 (max. 10000000)

